Cell network streams export completed
outputCsv=C:\Users\raffa\IdeaProjects\maga-core\tmp\mosaic-25.2\logs\log-20260604-220216-MaGaIntegratedStudy\output.csv
bandwidthMeasurementsDir=C:\Users\raffa\IdeaProjects\maga-core\tmp\mosaic-25.2\logs\log-20260604-220216-MaGaIntegratedStudy\bandwidthMeasurements
cellularHandoversFound=48
handoverRegistrations=12
handoverRegionTransitions=24
handoverRemovals=12
handoverDuplicates=0
bandwidthFilesAnalyzed=2
bandwidthRecordsExported=1080
bandwidthDirections:
  DOWNLINK=540
  UPLINK=540
unitStatus=PROVEN_BITS_PER_SECOND
bandwidthResidualPolicy=NOMINAL_MINUS_OBSERVED_DIAGNOSTIC
bucketBoundaryPolicy=START_TIMESTAMP_FOR_INTERVAL
availableFromPolicy=SAFE_AFTER_TIMESTAMP
terminalBuckets=0
warningsCount=2
warnings:
  Cell bandwidth buckets use START_TIMESTAMP_FOR_INTERVAL and are safe only after bucket end.
  Cell residual bandwidth is diagnostic and uses nominal capacity minus observed traffic.
handoverOutFile=C:\Users\raffa\IdeaProjects\maga-core\data\mosaic-study\cell_handover_stream.csv
bandwidthOutFile=C:\Users\raffa\IdeaProjects\maga-core\data\mosaic-study\cell_bandwidth_stream.csv
metadataOutFile=C:\Users\raffa\IdeaProjects\maga-core\data\mosaic-study\diagnostics\cell\integrated_baseline_metadata.json
