Phase 10G local and direct V2V candidate preview export completed
vehicleStateFile=C:\Users\raffa\IdeaProjects\maga-core\data\mosaic-study\vehicle_state_stream.csv
outputCsv=C:\Users\raffa\IdeaProjects\maga-core\tmp\mosaic-25.2\logs\log-20260604-220216-MaGaIntegratedStudy\output.csv
resourceCatalog=C:\Users\raffa\IdeaProjects\maga-core\data\mosaic-scenarios\MaGaIntegratedStudy\application\ma_ga_resource_catalog.json
snsConfig=C:\Users\raffa\IdeaProjects\maga-core\data\mosaic-scenarios\MaGaIntegratedStudy\sns\sns_config.json
sourceRun=log-20260604-220216-MaGaIntegratedStudy
vehicleStatesRead=1824
localCandidatesExported=1824
radioEventsRead=24
vehiclesWithRadioEvents=12
v2vGenerationStatus=COMPLETED
v2vCandidatesExported=13206
v2vPoolsExported=6603
localCpuCyclesPerSecond=4000000000
localCpuSource=DIAGNOSTIC_SYNTHETIC_VALUE
v2vNominalBandwidthBitsPerSecond=10000000
v2vBandwidthSource=DIAGNOSTIC_SYNTHETIC_VALUE
singlehopRadiusMeters=709.4
conservativePropagationDelaySeconds=0.0024
distancePolicy=HAVERSINE_FROM_LAT_LON_DIAGNOSTIC
radioStateSource=ADHOC_CONFIGURATION
candidatePolicy=DIRECT_SINGLEHOP_ONLY
poolPolicy=ONE_SHARED_POOL_PER_UNORDERED_PAIR
futureLookAheadViolations=0
warningsCount=0
warnings:
errorsCount=0
errors:
localOutFile=C:\Users\raffa\IdeaProjects\maga-core\data\mosaic-study\local_candidate_preview.csv
v2vOutFile=C:\Users\raffa\IdeaProjects\maga-core\data\mosaic-study\v2v_candidate_preview.csv
v2vPoolOutFile=C:\Users\raffa\IdeaProjects\maga-core\data\mosaic-study\v2v_bandwidth_pool_preview.csv
validationOutFile=C:\Users\raffa\IdeaProjects\maga-core\data\mosaic-study\diagnostics\phase_10g_validation.json
