Task stream export completed
filesAnalyzed=12
taskActivationFound=682
tasksExported=682
duplicates=0
profileDistribution:
  cooperative_awareness=126
  perception_light=369
  planning_medium=187
sourceVehicleDistribution:
  veh_0=65
  veh_1=63
  veh_2=62
  veh_3=61
  veh_4=59
  veh_5=58
  veh_6=55
  veh_7=55
  veh_8=54
  veh_9=52
  veh_10=50
  veh_11=48
firstActivationTimeNs=7000000000
lastActivationTimeNs=180000000000
outFile=C:\Users\raffa\IdeaProjects\maga-core\data\mosaic-study\task_stream.csv
