Phase 10I SystemSnapshot JSON export completed
sourceRun=log-20260604-220216-MaGaIntegratedStudy
snapshotTimelinePolicy=EXPLICIT_OPTIMIZATION_WINDOW_TIMELINE
activeVehicleSetPolicy=ACTIVE_VEHICLES_FROM_EXACT_LOCAL_CANDIDATES
vehicleLookupPolicy=LATEST_AVAILABLE_STATE_AT_OR_BEFORE_WINDOW
accessLinkLookupPolicy=EXACT_WINDOW_TIMESTAMP
localCandidateLookupPolicy=EXACT_WINDOW_TIMESTAMP
v2vCandidateLookupPolicy=EXACT_WINDOW_TIMESTAMP
remoteCandidateLookupPolicy=EXACT_WINDOW_TIMESTAMP
v2vPoolLookupPolicy=EXACT_WINDOW_TIMESTAMP
gatewayPoolAssemblyPolicy=LATEST_SAFE_AVAILABLE_CELL_BUCKET_PER_GATEWAY_POOL
snapshotsGenerated=36
emptyTaskSnapshots=1
totalTasksAcrossSnapshots=682
vehiclesAcrossSnapshots=369
localCandidatesAcrossSnapshots=369
v2vCandidatesAcrossSnapshots=2594
edgeCandidatesAcrossSnapshots=112
cloudCandidatesAcrossSnapshots=112
gatewayPoolsAcrossSnapshots=72
v2vPoolsAcrossSnapshots=1297
futureLookAheadViolations=0
orphanReferenceViolations=0
duplicateCandidateIds=0
duplicatePoolIds=0
unresolvedGatewayPools=0
unresolvedV2vPools=0
cloudPlaceholderViolations=0
phase10iStatus=COMPLETED
readyForPhase10J=true
warningsCount=0
errorsCount=0
